app/brand/[slug]/BrandClient.tsx(47,61): error TS2345: Argument of type 'string | null' is not assignable to parameter of type 'string'.
app/brand/[slug]/BrandClient.tsx(55,35): error TS18048: 'p.rating' is possibly 'undefined'.
app/brand/[slug]/BrandClient.tsx(82,31): error TS18048: 'b.rating' is possibly 'undefined'.
app/brand/[slug]/BrandClient.tsx(82,42): error TS18048: 'a.rating' is possibly 'undefined'.
app/brand/[slug]/BrandClient.tsx(122,49): error TS18048: 'p.rating' is possibly 'undefined'.
app/brand/[slug]/BrandClient.tsx(124,65): error TS18048: 'p.totalReviews' is possibly 'undefined'.
app/brand/[slug]/BrandClient.tsx(137,54): error TS2345: Argument of type 'string | null' is not assignable to parameter of type 'string'.
app/brand/[slug]/BrandClient.tsx(139,41): error TS2345: Argument of type '(prev: string[]) => (string | null)[]' is not assignable to parameter of type 'SetStateAction<string[]>'.
app/brand/[slug]/page.tsx(37,5): error TS18047: 'p.brand' is possibly 'null'.
app/brands/page.tsx(25,23): error TS2740: Type 'Promise<Brand[]>' is missing the following properties from type 'Brand[]': length, pop, push, concat, and 35 more.
app/brands/page.tsx(25,51): error TS2322: Type 'Promise<Brand[]>' is not assignable to type 'Brand[]'.
app/cart/page.tsx(61,34): error TS2551: Property 'product_id' does not exist on type 'CartItemWithProduct'. Did you mean 'product'?
app/cart/page.tsx(63,30): error TS2322: Type 'string | null' is not assignable to type 'string | StaticImport'.
app/cart/page.tsx(77,58): error TS2551: Property 'product_id' does not exist on type 'CartItemWithProduct'. Did you mean 'product'?
app/cart/page.tsx(88,64): error TS2551: Property 'product_id' does not exist on type 'CartItemWithProduct'. Did you mean 'product'?
app/cart/page.tsx(96,64): error TS2551: Property 'product_id' does not exist on type 'CartItemWithProduct'. Did you mean 'product'?
app/category/[slug]/CategoryClient.tsx(44,59): error TS2345: Argument of type 'string | null' is not assignable to parameter of type 'string'.
app/category/[slug]/CategoryClient.tsx(48,35): error TS18048: 'p.rating' is possibly 'undefined'.
app/category/[slug]/CategoryClient.tsx(68,31): error TS18048: 'b.rating' is possibly 'undefined'.
app/category/[slug]/CategoryClient.tsx(68,42): error TS18048: 'a.rating' is possibly 'undefined'.
app/category/[slug]/page.tsx(37,5): error TS18047: 'p.category' is possibly 'null'.
app/checkout/page.tsx(493,42): error TS2551: Property 'product_id' does not exist on type 'CartItemWithProduct'. Did you mean 'product'?
app/checkout/page.tsx(494,28): error TS2551: Property 'product_id' does not exist on type 'CartItemWithProduct'. Did you mean 'product'?
app/checkout/page.tsx(572,36): error TS2551: Property 'product_id' does not exist on type 'CartItemWithProduct'. Did you mean 'product'?
app/checkout/page.tsx(574,32): error TS2322: Type 'string | null' is not assignable to type 'string | StaticImport'.
app/checkout/page.tsx(837,38): error TS2551: Property 'product_id' does not exist on type 'CartItemWithProduct'. Did you mean 'product'?
app/checkout/page.tsx(839,34): error TS2322: Type 'string | null' is not assignable to type 'string | StaticImport'.
app/product/[slug]/ProductDetailClient.tsx(95,16): error TS2322: Type 'string | null' is not assignable to type 'string | StaticImport'.
app/product/[slug]/ProductDetailClient.tsx(111,63): error TS2345: Argument of type 'number | undefined' is not assignable to parameter of type 'number'.
app/product/[slug]/ProductDetailClient.tsx(190,22): error TS18048: 'product.usageInstructions' is possibly 'undefined'.
app/product/[slug]/ProductDetailClient.tsx(201,60): error TS2345: Argument of type 'string | null' is not assignable to parameter of type 'string | number | boolean'.
app/product/[slug]/ProductDetailClient.tsx(210,27): error TS2322: Type 'string[] | undefined' is not assignable to type 'string[]'.
app/product/[slug]/ProductDetailClient.tsx(252,71): error TS2345: Argument of type 'number | undefined' is not assignable to parameter of type 'number'.
app/product/[slug]/ProductDetailClient.tsx(260,20): error TS18048: 'product.totalReviews' is possibly 'undefined'.
app/product/[slug]/ProductDetailClient.tsx(575,22): error TS2322: Type 'string | null' is not assignable to type 'string | StaticImport'.
app/product/[slug]/page.tsx(26,18): error TS2322: Type 'string | null' is not assignable to type 'string | URL'.
app/shop/ShopClient.tsx(61,9): error TS18047: 'p.brand' is possibly 'null'.
app/shop/ShopClient.tsx(62,9): error TS18047: 'p.category' is possibly 'null'.
app/shop/ShopClient.tsx(63,9): error TS18048: 'p.shortDescription' is possibly 'undefined'.
app/shop/ShopClient.tsx(66,67): error TS2345: Argument of type 'string | null' is not assignable to parameter of type 'string'.
app/shop/ShopClient.tsx(67,59): error TS2345: Argument of type 'string | null' is not assignable to parameter of type 'string'.
app/shop/ShopClient.tsx(69,31): error TS18048: 'p.rating' is possibly 'undefined'.
app/shop/ShopClient.tsx(80,34): error TS18048: 'b.rating' is possibly 'undefined'.
app/shop/ShopClient.tsx(80,45): error TS18048: 'a.rating' is possibly 'undefined'.
app/shop/ShopClient.tsx(80,57): error TS18048: 'b.totalReviews' is possibly 'undefined'.
app/shop/ShopClient.tsx(80,74): error TS18048: 'a.totalReviews' is possibly 'undefined'.
app/shop/ShopClient.tsx(97,5): error TS18047: 'p.brand' is possibly 'null'.
app/shop/ShopClient.tsx(98,5): error TS18047: 'p.category' is possibly 'null'.
app/shop/ShopClient.tsx(167,26): error TS2322: Type 'string | null' is not assignable to type 'string | StaticImport'.
app/shop/ShopClient.tsx(194,85): error TS18047: 'p.brand' is possibly 'null'.
app/shop/ShopClient.tsx(598,18): error TS2322: Type 'string | null' is not assignable to type 'string | StaticImport'.
app/shop/ShopClient.tsx(653,65): error TS2345: Argument of type 'number | undefined' is not assignable to parameter of type 'number'.
app/shop/ShopClient.tsx(656,57): error TS18048: 'product.totalReviews' is possibly 'undefined'.
app/shop/ShopClient.tsx(686,16): error TS2322: Type 'string | null' is not assignable to type 'string | StaticImport'.
app/shop/ShopClient.tsx(700,63): error TS2345: Argument of type 'number | undefined' is not assignable to parameter of type 'number'.
components/CompareDrawer.tsx(84,24): error TS2322: Type 'string | null' is not assignable to type 'string | StaticImport'.
components/CompareDrawer.tsx(142,28): error TS2322: Type 'string | null' is not assignable to type 'string | StaticImport'.
components/LiveSearch.tsx(38,7): error TS18047: 'p.brand' is possibly 'null'.
components/LiveSearch.tsx(136,34): error TS2322: Type 'string | null' is not assignable to type 'string | StaticImport'.
components/QuickView.tsx(44,17): error TS2322: Type 'string | null' is not assignable to type 'string | StaticImport'.
components/QuickView.tsx(57,14): error TS18048: 'product.gallery' is possibly 'undefined'.
components/QuickView.tsx(59,18): error TS18048: 'product.gallery' is possibly 'undefined'.
components/QuickView.tsx(83,35): error TS18047: 'product.brand' is possibly 'null'.
components/QuickView.tsx(100,47): error TS2345: Argument of type 'number | undefined' is not assignable to parameter of type 'number'.
components/QuickView.tsx(105,57): error TS18048: 'product.totalReviews' is possibly 'undefined'.
components/cart/SlideCart.tsx(66,32): error TS2551: Property 'product_id' does not exist on type 'CartItemWithProduct'. Did you mean 'product'?
components/cart/SlideCart.tsx(69,23): error TS2322: Type 'string | null' is not assignable to type 'string | StaticImport'.
components/cart/SlideCart.tsx(90,62): error TS2551: Property 'product_id' does not exist on type 'CartItemWithProduct'. Did you mean 'product'?
components/cart/SlideCart.tsx(97,62): error TS2551: Property 'product_id' does not exist on type 'CartItemWithProduct'. Did you mean 'product'?
components/cart/SlideCart.tsx(105,56): error TS2551: Property 'product_id' does not exist on type 'CartItemWithProduct'. Did you mean 'product'?
components/sections/FeaturedBrands.tsx(49,19): error TS2339: Property 'slice' does not exist on type 'Promise<Brand[]>'.
components/sections/FeaturedBrands.tsx(49,37): error TS7006: Parameter 'brand' implicitly has an 'any' type.
components/sections/FeaturedBrands.tsx(49,44): error TS7006: Parameter 'i' implicitly has an 'any' type.
components/sections/FlashSale.tsx(91,21): error TS2339: Property 'map' does not exist on type 'Promise<Product[]>'.
components/sections/FlashSale.tsx(91,26): error TS7006: Parameter 'product' implicitly has an 'any' type.
components/sections/FlashSale.tsx(91,35): error TS7006: Parameter 'i' implicitly has an 'any' type.
components/shop/FilterSidebar.tsx(240,15): error TS2322: Type 'string | null' is not assignable to type 'string'.
components/shop/FilterSidebar.tsx(241,39): error TS2345: Argument of type 'string | null' is not assignable to parameter of type 'string'.
components/shop/FilterSidebar.tsx(242,52): error TS2345: Argument of type 'string | null' is not assignable to parameter of type 'string'.
components/shop/FilterSidebar.tsx(243,46): error TS2345: Argument of type 'string | null' is not assignable to parameter of type 'string'.
components/shop/FilterSidebar.tsx(255,15): error TS2322: Type 'string | null' is not assignable to type 'string'.
components/shop/FilterSidebar.tsx(256,36): error TS2345: Argument of type 'string | null' is not assignable to parameter of type 'string'.
components/shop/FilterSidebar.tsx(257,48): error TS2345: Argument of type 'string | null' is not assignable to parameter of type 'string'.
components/shop/FilterSidebar.tsx(258,43): error TS2345: Argument of type 'string | null' is not assignable to parameter of type 'string'.
components/shop/FilterSidebar.tsx(362,15): error TS2322: Type 'string | undefined' is not assignable to type 'string'.
components/shop/FilterSidebar.tsx(363,51): error TS2345: Argument of type 'string | undefined' is not assignable to parameter of type 'string'.
components/shop/FilterSidebar.tsx(364,46): error TS2345: Argument of type 'string | undefined' is not assignable to parameter of type 'string'.
components/shop/ProductListCard.tsx(36,11): error TS2322: Type 'string | null' is not assignable to type 'string | StaticImport'.
components/shop/ProductListCard.tsx(112,38): error TS2345: Argument of type 'number | undefined' is not assignable to parameter of type 'number'.
components/shop/ProductListCard.tsx(120,57): error TS18048: 'product.totalReviews' is possibly 'undefined'.
components/shop/QuickViewModal.tsx(48,15): error TS2322: Type 'string | null' is not assignable to type 'string | StaticImport'.
components/shop/QuickViewModal.tsx(98,38): error TS2345: Argument of type 'number | undefined' is not assignable to parameter of type 'number'.
components/shop/QuickViewModal.tsx(106,57): error TS18048: 'product.totalReviews' is possibly 'undefined'.
components/ui/ProductCard.tsx(59,13): error TS2322: Type 'string | null' is not assignable to type 'string | StaticImport'.
components/ui/ProductCard.tsx(87,36): error TS2345: Argument of type 'number | undefined' is not assignable to parameter of type 'number'.
components/ui/ProductCard.tsx(147,11): error TS2322: Type 'string | null' is not assignable to type 'string | StaticImport'.
components/ui/ProductCard.tsx(260,34): error TS2345: Argument of type 'number | undefined' is not assignable to parameter of type 'number'.
components/ui/ProductCard.tsx(267,57): error TS18048: 'product.totalReviews' is possibly 'undefined'.
lib/data/productContent.ts(14,15): error TS18047: 'product.category' is possibly 'null'.
lib/data/productContent.ts(15,15): error TS18047: 'product.category' is possibly 'null'.
